This is pdfTeX, Version 3.141592653-2.6-1.40.29 (MiKTeX 26.5) (preloaded format=pdflatex 2026.7.30)  8 AUG 2026 20:29
entering extended mode
 restricted \write18 enabled.
 file:line:error style messages enabled.
 %&-line parsing enabled.
**./Procotolo_deRevisao.tex
(Procotolo_deRevisao.tex
LaTeX2e <2026-06-01>
L3 programming layer <2026-06-18>
(C:\Users\Noedson\AppData\Local\Programs\MiKTeX\tex/latex/base\article.cls
Document Class: article 2025/01/22 v1.4n Standard LaTeX document class
(C:\Users\Noedson\AppData\Local\Programs\MiKTeX\tex/latex/base\size12.clo
File: size12.clo 2025/01/22 v1.4n Standard LaTeX file (size option)
)
\c@part=\count276
\c@section=\count277
\c@subsection=\count278
\c@subsubsection=\count279
\c@paragraph=\count280
\c@subparagraph=\count281
\c@figure=\count282
\c@table=\count283
\abovecaptionskip=\skip49
\belowcaptionskip=\skip50
\bibindent=\dimen150
) (C:\Users\Noedson\AppData\Local\Programs\MiKTeX\tex/latex/base\inputenc.sty
Package: inputenc 2024/02/08 v1.3d Input encoding file
\inpenc@prehook=\toks17
\inpenc@posthook=\toks18
) (C:\Users\Noedson\AppData\Local\Programs\MiKTeX\tex/latex/base\fontenc.sty
Package: fontenc 2025/07/18 v2.1d Standard LaTeX package
) (C:\Users\Noedson\AppData\Local\Programs\MiKTeX\tex/generic/babel\babel.sty
Package: babel 2026/06/14 v26.9 The multilingual framework for LuaLaTeX, pdfLaTeX and XeLaTeX
\babel@savecnt=\count284
LaTeX Encoding Info:    Redeclaring text command \ij (encoding OT1) on input line 2084.
LaTeX Encoding Info:    Redeclaring text command \IJ (encoding OT1) on input line 2086.
LaTeX Encoding Info:    Redeclaring text command \ij (encoding T1) on input line 2088.
LaTeX Encoding Info:    Redeclaring text command \IJ (encoding T1) on input line 2089.
LaTeX Encoding Info:    Ignoring declaration for text command \ij (encoding ?) on input line 2090.
LaTeX Encoding Info:    Ignoring declaration for text command \IJ (encoding ?) on input line 2092.
LaTeX Encoding Info:    Ignoring declaration for text command \SS (encoding ?) on input line 2117.
\U@D=\dimen151
\l@unhyphenated=\language79
 (C:\Users\Noedson\AppData\Local\Programs\MiKTeX\tex/generic/babel\txtbabel.def)
\bbl@readstream=\read2
\bbl@dirlevel=\count285
Package babel Info: Configuration files are deprecated, as
(babel)             they can break document portability.
(babel)             Reported on input line 4252.

*************************************
* Local config file bblopts.cfg used
*
(C:\Users\Noedson\AppData\Local\Programs\MiKTeX\tex/latex/arabi\bblopts.cfg
File: bblopts.cfg 2005/09/08 v0.1 add Arabic and Farsi to "declared" options of babel
) (C:\Users\Noedson\AppData\Local\Programs\MiKTeX\tex/generic/babel/locale/invalid\babel-brazil.tex)

Package babel Warning: Name 'brazil' is deprecated.
(babel)                Use 'brazilian' instead.
(babel)                Reported on input line 4380.

Package babel Info: Importing font and identification data for 'brazil'
(babel)             from babel-pt-BR.ini. Reported on input line 4380.
(C:\Users\Noedson\AppData\Local\Programs\MiKTeX\tex/latex/babel-portuges\brazilian.ldf
Language: portuges 2026/01/24 v1.2u Portuguese support from the babel system
Package babel Info: Hyphen rules for 'brazil' set to \l@portuguese
(babel)             (\language56). Reported on input line 100.
Package babel Info: Making " an active character on input line 132.
)) (C:\Users\Noedson\AppData\Local\Programs\MiKTeX\tex/latex/geometry\geometry.sty
Package: geometry 2026/03/07 v6.0 Page Geometry
 (C:\Users\Noedson\AppData\Local\Programs\MiKTeX\tex/latex/graphics\keyval.sty
Package: keyval 2026-05-17 v1.15 key=value parser (DPC)
\KV@toks@=\toks19
) (C:\Users\Noedson\AppData\Local\Programs\MiKTeX\tex/generic/iftex\ifvtex.sty
Package: ifvtex 2019/10/25 v1.7 ifvtex legacy package. Use iftex instead.
 (C:\Users\Noedson\AppData\Local\Programs\MiKTeX\tex/generic/iftex\iftex.sty
Package: iftex 2024/12/12 v1.0g TeX engine tests
))
\Gm@cnth=\count286
\Gm@cntv=\count287
\c@Gm@tempcnt=\count288
\Gm@bindingoffset=\dimen152
\Gm@wd@mp=\dimen153
\Gm@odd@mp=\dimen154
\Gm@even@mp=\dimen155
\Gm@layoutwidth=\dimen156
\Gm@layoutheight=\dimen157
\Gm@layouthoffset=\dimen158
\Gm@layoutvoffset=\dimen159
\Gm@dimlist=\toks20
 (C:\Users\Noedson\AppData\Local\Programs\MiKTeX\tex/latex/geometry\geometry.cfg)) (C:\Users\Noedson\AppData\Local\Programs\MiKTeX\tex/latex/setspace\setspace.sty
Package: setspace 2022/12/04 v6.7b set line spacing
) (C:\Users\Noedson\AppData\Local\Programs\MiKTeX\tex/latex/tools\array.sty
Package: array 2026/02/24 v2.7b Tabular extension package (FMi)
\col@sep=\dimen160
\ar@mcellbox=\box53
\extrarowheight=\dimen161
\NC@list=\toks21
\extratabsurround=\skip51
\backup@length=\skip52
\ar@cellbox=\box54
) (C:\Users\Noedson\AppData\Local\Programs\MiKTeX\tex/latex/graphics\graphicx.sty
Package: graphicx 2026-05-17 v1.2e Enhanced LaTeX Graphics (DPC,SPQR)
 (C:\Users\Noedson\AppData\Local\Programs\MiKTeX\tex/latex/graphics\graphics.sty
Package: graphics 2026-05-17 v1.4h Standard LaTeX Graphics (DPC,SPQR)
 (C:\Users\Noedson\AppData\Local\Programs\MiKTeX\tex/latex/graphics\trig.sty
Package: trig 2023/12/02 v1.11 sin cos tan (DPC)
) (C:\Users\Noedson\AppData\Local\Programs\MiKTeX\tex/latex/graphics-cfg\graphics.cfg
File: graphics.cfg 2016/06/04 v1.11 sample graphics configuration
)
Package graphics Info: Driver file: pdftex.def on input line 106.
 (C:\Users\Noedson\AppData\Local\Programs\MiKTeX\tex/latex/graphics-def\pdftex.def
File: pdftex.def 2025/09/29 v1.2d Graphics/color driver for pdftex
))
\Gin@req@height=\dimen162
\Gin@req@width=\dimen163
) (C:\Users\Noedson\AppData\Local\Programs\MiKTeX\tex/latex/tools\tabularx.sty
Package: tabularx 2023/12/11 v2.12a `tabularx' package (DPC)
\TX@col@width=\dimen164
\TX@old@table=\dimen165
\TX@old@col=\dimen166
\TX@target=\dimen167
\TX@delta=\dimen168
\TX@cols=\count289
\TX@ftn=\toks22
) (C:\Users\Noedson\AppData\Local\Programs\MiKTeX\tex/latex/booktabs\booktabs.sty
Package: booktabs 2020/01/12 v1.61803398 Publication quality tables
\heavyrulewidth=\dimen169
\lightrulewidth=\dimen170
\cmidrulewidth=\dimen171
\belowrulesep=\dimen172
\belowbottomsep=\dimen173
\aboverulesep=\dimen174
\abovetopsep=\dimen175
\cmidrulesep=\dimen176
\cmidrulekern=\dimen177
\defaultaddspace=\dimen178
\@cmidla=\count290
\@cmidlb=\count291
\@aboverulesep=\dimen179
\@belowrulesep=\dimen180
\@thisruleclass=\count292
\@lastruleclass=\count293
\@thisrulewidth=\dimen181
) (C:\Users\Noedson\AppData\Local\Programs\MiKTeX\tex/latex/multirow\multirow.sty
Package: multirow 2024/11/12 v2.9 Span multiple rows of a table
\multirow@colwidth=\skip53
\multirow@cntb=\count294
\multirow@dima=\skip54
\bigstrutjot=\dimen182
) (C:\Users\Noedson\AppData\Local\Programs\MiKTeX\tex/latex/tools\longtable.sty
Package: longtable 2026-01-28 v4.27 Multi-page Table package (DPC)
\LTleft=\skip55
\LTright=\skip56
\LTpre=\skip57
\LTpost=\skip58
\LTchunksize=\count295
\LTcapwidth=\dimen183
\LT@head=\box55
\LT@firsthead=\box56
\LT@foot=\box57
\LT@lastfoot=\box58
\LT@gbox=\box59
\LT@cols=\count296
\LT@rows=\count297
\c@LT@tables=\count298
\c@LT@chunks=\count299
\LT@p@ftn=\toks23
) (C:\Users\Noedson\AppData\Local\Programs\MiKTeX\tex/latex/enumitem\enumitem.sty
Package: enumitem 2025/02/06 v3.11 Customized lists
\labelindent=\skip59
\enit@outerparindent=\dimen184
\enit@toks=\toks24
\enit@inbox=\box60
\enit@count@id=\count300
\enitdp@description=\count301
) (C:\Users\Noedson\AppData\Local\Programs\MiKTeX\tex/latex/float\float.sty
Package: float 2001/11/08 v1.3d Float enhancements (AL)
\c@float@type=\count302
\float@exts=\toks25
\float@box=\box61
\@float@everytoks=\toks26
\@floatcapt=\box62
) (C:\Users\Noedson\AppData\Local\Programs\MiKTeX\tex/latex/placeins\placeins.sty
Package: placeins 2005/04/18  v 2.2
) (C:\Users\Noedson\AppData\Local\Programs\MiKTeX\tex/latex/biblatex\biblatex.sty
Package: biblatex 2025/07/10 v3.21 programmable bibliographies (PK/MW)
 (C:\Users\Noedson\AppData\Local\Programs\MiKTeX\tex/generic/pdftexcmds\pdftexcmds.sty
Package: pdftexcmds 2020-06-27 v0.33 Utility functions of pdfTeX for LuaTeX (HO)
 (C:\Users\Noedson\AppData\Local\Programs\MiKTeX\tex/generic/infwarerr\infwarerr.sty
Package: infwarerr 2019/12/03 v1.5 Providing info/warning/error messages (HO)
) (C:\Users\Noedson\AppData\Local\Programs\MiKTeX\tex/generic/ltxcmds\ltxcmds.sty
Package: ltxcmds 2023-12-04 v1.26 LaTeX kernel commands for general use (HO)
)
Package pdftexcmds Info: \pdf@primitive is available.
Package pdftexcmds Info: \pdf@ifprimitive is available.
Package pdftexcmds Info: \pdfdraftmode found.
) (C:\Users\Noedson\AppData\Local\Programs\MiKTeX\tex/latex/etoolbox\etoolbox.sty
Package: etoolbox 2025/10/02 v2.5m e-TeX tools for LaTeX (JAW)
\etb@tempcnta=\count303
) (C:\Users\Noedson\AppData\Local\Programs\MiKTeX\tex/latex/kvoptions\kvoptions.sty
Package: kvoptions 2022-06-15 v3.15 Key value format for package options (HO)
 (C:\Users\Noedson\AppData\Local\Programs\MiKTeX\tex/latex/kvsetkeys\kvsetkeys.sty
Package: kvsetkeys 2022-10-05 v1.19 Key value parser (HO)
)) (C:\Users\Noedson\AppData\Local\Programs\MiKTeX\tex/latex/logreq\logreq.sty
Package: logreq 2010/08/04 v1.0 xml request logger
\lrq@indent=\count304
 (C:\Users\Noedson\AppData\Local\Programs\MiKTeX\tex/latex/logreq\logreq.def
File: logreq.def 2010/08/04 v1.0 logreq spec v1.0
)) (C:\Users\Noedson\AppData\Local\Programs\MiKTeX\tex/latex/base\ifthen.sty
Package: ifthen 2024/03/16 v1.1e Standard LaTeX ifthen package (DPC)
) (C:\Users\Noedson\AppData\Local\Programs\MiKTeX\tex/latex/url\url.sty
\Urlmuskip=\muskip17
Package: url 2013/09/16  ver 3.4  Verb mode for urls, etc.
)
\c@tabx@nest=\count305
\c@listtotal=\count306
\c@listcount=\count307
\c@liststart=\count308
\c@liststop=\count309
\c@citecount=\count310
\c@citetotal=\count311
\c@multicitecount=\count312
\c@multicitetotal=\count313
\c@instcount=\count314
\c@maxnames=\count315
\c@minnames=\count316
\c@maxitems=\count317
\c@minitems=\count318
\c@citecounter=\count319
\c@maxcitecounter=\count320
\c@savedcitecounter=\count321
\c@uniquelist=\count322
\c@uniquename=\count323
\c@refsection=\count324
\c@refsegment=\count325
\c@maxextratitle=\count326
\c@maxextratitleyear=\count327
\c@maxextraname=\count328
\c@maxextradate=\count329
\c@maxextraalpha=\count330
\c@abbrvpenalty=\count331
\c@highnamepenalty=\count332
\c@lownamepenalty=\count333
\c@maxparens=\count334
\c@parenlevel=\count335
\blx@tempcnta=\count336
\blx@tempcntb=\count337
\blx@tempcntc=\count338
\c@blx@maxsection=\count339
\blx@maxsegment@0=\count340
\blx@notetype=\count341
\blx@parenlevel@text=\count342
\blx@parenlevel@foot=\count343
\blx@sectionciteorder@0=\count344
\blx@sectionciteorderinternal@0=\count345
\blx@entrysetcounter=\count346
\blx@biblioinstance=\count347
\labelnumberwidth=\skip60
\labelalphawidth=\skip61
\biblabelsep=\skip62
\bibitemsep=\skip63
\bibnamesep=\skip64
\bibinitsep=\skip65
\bibparsep=\skip66
\bibhang=\skip67
\blx@bcfin=\read3
\blx@bcfout=\write3
\blx@langwohyphens=\language80
\c@mincomprange=\count348
\c@maxcomprange=\count349
\c@mincompwidth=\count350
Package biblatex Info: Trying to load biblatex default data model...
Package biblatex Info: ... file 'blx-dm.def' found.
 (C:\Users\Noedson\AppData\Local\Programs\MiKTeX\tex/latex/biblatex\blx-dm.def
File: blx-dm.def 2025/07/10 v3.21 biblatex datamodel (PK/MW)
)
Package biblatex Info: Trying to load biblatex style data model...
Package biblatex Info: ... file 'abnt.dbx' not found.
Package biblatex Info: Trying to load biblatex custom data model...
Package biblatex Info: ... file 'biblatex-dm.cfg' not found.
\c@afterword=\count351
\c@savedafterword=\count352
\c@annotator=\count353
\c@savedannotator=\count354
\c@author=\count355
\c@savedauthor=\count356
\c@bookauthor=\count357
\c@savedbookauthor=\count358
\c@commentator=\count359
\c@savedcommentator=\count360
\c@editor=\count361
\c@savededitor=\count362
\c@editora=\count363
\c@savededitora=\count364
\c@editorb=\count365
\c@savededitorb=\count366
\c@editorc=\count367
\c@savededitorc=\count368
\c@foreword=\count369
\c@savedforeword=\count370
\c@holder=\count371
\c@savedholder=\count372
\c@introduction=\count373
\c@savedintroduction=\count374
\c@namea=\count375
\c@savednamea=\count376
\c@nameb=\count377
\c@savednameb=\count378
\c@namec=\count379
\c@savednamec=\count380
\c@translator=\count381
\c@savedtranslator=\count382
\c@shortauthor=\count383
\c@savedshortauthor=\count384
\c@shorteditor=\count385
\c@savedshorteditor=\count386
\c@labelname=\count387
\c@savedlabelname=\count388
\c@institution=\count389
\c@savedinstitution=\count390
\c@lista=\count391
\c@savedlista=\count392
\c@listb=\count393
\c@savedlistb=\count394
\c@listc=\count395
\c@savedlistc=\count396
\c@listd=\count397
\c@savedlistd=\count398
\c@liste=\count399
\c@savedliste=\count400
\c@listf=\count401
\c@savedlistf=\count402
\c@location=\count403
\c@savedlocation=\count404
\c@organization=\count405
\c@savedorganization=\count406
\c@origlocation=\count407
\c@savedoriglocation=\count408
\c@origpublisher=\count409
\c@savedorigpublisher=\count410
\c@publisher=\count411
\c@savedpublisher=\count412
\c@language=\count413
\c@savedlanguage=\count414
\c@origlanguage=\count415
\c@savedoriglanguage=\count416
\c@pageref=\count417
\c@savedpageref=\count418
\shorthandwidth=\skip68
\shortjournalwidth=\skip69
\shortserieswidth=\skip70
\shorttitlewidth=\skip71
\shortauthorwidth=\skip72
\shorteditorwidth=\skip73
\locallabelnumberwidth=\skip74
\locallabelalphawidth=\skip75
\localshorthandwidth=\skip76
\localshortjournalwidth=\skip77
\localshortserieswidth=\skip78
\localshorttitlewidth=\skip79
\localshortauthorwidth=\skip80
\localshorteditorwidth=\skip81
Package biblatex Info: Trying to load compatibility code...
Package biblatex Info: ... file 'blx-compat.def' found.
 (C:\Users\Noedson\AppData\Local\Programs\MiKTeX\tex/latex/biblatex\blx-compat.def
File: blx-compat.def 2025/07/10 v3.21 biblatex compatibility (PK/MW)
)
Package biblatex Info: Trying to load generic definitions...
Package biblatex Info: ... file 'biblatex.def' found.
 (C:\Users\Noedson\AppData\Local\Programs\MiKTeX\tex/latex/biblatex\biblatex.def
File: biblatex.def 2025/07/10 v3.21 biblatex compatibility (PK/MW)
\c@textcitecount=\count419
\c@textcitetotal=\count420
\c@textcitemaxnames=\count421
\c@biburlbigbreakpenalty=\count422
\c@biburlbreakpenalty=\count423
\c@biburlnumpenalty=\count424
\c@biburlucpenalty=\count425
\c@biburllcpenalty=\count426
\biburlbigskip=\muskip18
\biburlnumskip=\muskip19
\biburlucskip=\muskip20
\biburllcskip=\muskip21
\c@smartand=\count427
)
Package biblatex Info: Trying to load bibliography style 'abnt'...
Package biblatex Info: ... file 'abnt.bbx' found.
 (C:\Users\Noedson\AppData\Local\Programs\MiKTeX\tex/latex/biblatex-abnt/bbx\abnt.bbx
File: abnt.bbx 2018-11-17 v3.4 ABNT BibLaTeX citation style
 (C:\Users\Noedson\AppData\Local\Programs\MiKTeX\tex/latex/l3packages/xparse\xparse.sty (C:\Users\Noedson\AppData\Local\Programs\MiKTeX\tex/latex/l3kernel\expl3.sty
Package: expl3 2026-06-18 L3 programming layer (loader) 
 (C:\Users\Noedson\AppData\Local\Programs\MiKTeX\tex/latex/l3backend\l3backend-pdftex.def
File: l3backend-pdftex.def 2026-02-18 L3 backend support: PDF output (pdfTeX)
\l__color_backend_stack_int=\count428
))
Package: xparse 2025-10-09 L3 Experimental document command parser
) (C:\Users\Noedson\AppData\Local\Programs\MiKTeX\tex/latex/xpatch\xpatch.sty
Package: xpatch 2020/03/25 v0.3a Extending etoolbox patching commands
)
Package biblatex Info: Trying to load bibliography style 'standard'...
Package biblatex Info: ... file 'standard.bbx' found.
 (C:\Users\Noedson\AppData\Local\Programs\MiKTeX\tex/latex/biblatex/bbx\standard.bbx
File: standard.bbx 2025/07/10 v3.21 biblatex bibliography style (PK/MW)
\c@bbx:relatedcount=\count429
\c@bbx:relatedtotal=\count430
))
Package biblatex Info: Trying to load citation style 'abnt'...
Package biblatex Info: ... file 'abnt.cbx' found.
 (C:\Users\Noedson\AppData\Local\Programs\MiKTeX\tex/latex/biblatex-abnt/cbx\abnt.cbx
File: abnt.cbx 2018-11-17 v3.4 ABNT BibLaTeX citation style
Package biblatex Info: Trying to load citation style 'authoryear-comp'...
Package biblatex Info: ... file 'authoryear-comp.cbx' found.
 (C:\Users\Noedson\AppData\Local\Programs\MiKTeX\tex/latex/biblatex/cbx\authoryear-comp.cbx
File: authoryear-comp.cbx 2025/07/10 v3.21 biblatex citation style (PK/MW)
Package biblatex Info: Redefining '\cite'.
Package biblatex Info: Redefining '\parencite'.
Package biblatex Info: Redefining '\footcite'.
Package biblatex Info: Redefining '\footcitetext'.
Package biblatex Info: Redefining '\smartcite'.
Package biblatex Info: Redefining '\textcite'.
Package biblatex Info: Redefining '\textcites'.
Package biblatex Info: Redefining '\cites'.
Package biblatex Info: Redefining '\parencites'.
Package biblatex Info: Redefining '\footcites'.
Package biblatex Info: Redefining '\footcitetexts'.
Package biblatex Info: Redefining '\smartcites'.
)
Package biblatex Info: Redefining '\cite'.
Package biblatex Info: Redefining '\cites'.
Package biblatex Info: Redefining '\footcite'.
Package biblatex Info: Redefining '\footcites'.
Package biblatex Info: Redefining '\citetitle'.
Package biblatex Info: Redefining '\smartcite'.
Package biblatex Info: Redefining '\citeauthor'.
Package biblatex Info: Redefining '\citeyear'.
)
Package biblatex Info: Trying to load configuration file...
Package biblatex Info: ... file 'biblatex.cfg' found.
 (C:\Users\Noedson\AppData\Local\Programs\MiKTeX\tex/latex/biblatex\biblatex.cfg
File: biblatex.cfg 
)
Package biblatex Info: Input encoding 'utf8' detected.
Package biblatex Info: Document encoding is UTF8 ....
Package biblatex Info: ... and expl3
(biblatex)             2026-06-18 L3 programming layer (loader) 
(biblatex)             is new enough (at least 2020/04/06),
(biblatex)             setting 'casechanger=expl3'.
 (C:\Users\Noedson\AppData\Local\Programs\MiKTeX\tex/latex/biblatex\blx-case-expl3.sty
Package: blx-case-expl3 2025/07/10 v3.21 expl3 case changing code for biblatex
)) (C:\Users\Noedson\AppData\Local\Programs\MiKTeX\tex/latex/hyperref\hyperref.sty
Package: hyperref 2026-06-17 v7.01r Hypertext links for LaTeX
 (C:\Users\Noedson\AppData\Local\Programs\MiKTeX\tex/generic/kvdefinekeys\kvdefinekeys.sty
Package: kvdefinekeys 2019-12-19 v1.6 Define keys (HO)
) (C:\Users\Noedson\AppData\Local\Programs\MiKTeX\tex/generic/pdfescape\pdfescape.sty
Package: pdfescape 2019/12/09 v1.15 Implements pdfTeX's escape features (HO)
) (C:\Users\Noedson\AppData\Local\Programs\MiKTeX\tex/latex/hycolor\hycolor.sty
Package: hycolor 2020-01-27 v1.10 Color options for hyperref/bookmark (HO)
) (C:\Users\Noedson\AppData\Local\Programs\MiKTeX\tex/latex/hyperref\nameref.sty
Package: nameref 2026-01-29 v2.58 Cross-referencing by name of section
 (C:\Users\Noedson\AppData\Local\Programs\MiKTeX\tex/latex/refcount\refcount.sty
Package: refcount 2019/12/15 v3.6 Data extraction from label references (HO)
) (C:\Users\Noedson\AppData\Local\Programs\MiKTeX\tex/generic/gettitlestring\gettitlestring.sty
Package: gettitlestring 2019/12/15 v1.6 Cleanup title references (HO)
)
\c@section@level=\count431
) (C:\Users\Noedson\AppData\Local\Programs\MiKTeX\tex/generic/stringenc\stringenc.sty
Package: stringenc 2019/11/29 v1.12 Convert strings between diff. encodings (HO)
)
\@linkdim=\dimen185
\Hy@linkcounter=\count432
\Hy@pagecounter=\count433
 (C:\Users\Noedson\AppData\Local\Programs\MiKTeX\tex/latex/hyperref\pd1enc.def
File: pd1enc.def 2026-06-17 v7.01r Hyperref: PDFDocEncoding definition (HO)
Now handling font encoding PD1 ...
... no UTF-8 mapping file for font encoding PD1
) (C:\Users\Noedson\AppData\Local\Programs\MiKTeX\tex/generic/intcalc\intcalc.sty
Package: intcalc 2019/12/15 v1.3 Expandable calculations with integers (HO)
)
\Hy@SavedSpaceFactor=\count434
 (C:\Users\Noedson\AppData\Local\Programs\MiKTeX\tex/latex/hyperref\puenc.def
File: puenc.def 2026-06-17 v7.01r Hyperref: PDF Unicode definition (HO)
Now handling font encoding PU ...
... no UTF-8 mapping file for font encoding PU
)
Package hyperref Info: Hyper figures OFF on input line 4199.
Package hyperref Info: Link nesting OFF on input line 4204.
Package hyperref Info: Hyper index ON on input line 4207.
Package hyperref Info: Plain pages OFF on input line 4214.
Package hyperref Info: Backreferencing OFF on input line 4219.
Package hyperref Info: Implicit mode ON; LaTeX internals redefined.
Package hyperref Info: Bookmarks ON on input line 4466.
\c@Hy@tempcnt=\count435
LaTeX Info: Redefining \url on input line 4805.
\XeTeXLinkMargin=\dimen186
 (C:\Users\Noedson\AppData\Local\Programs\MiKTeX\tex/generic/bitset\bitset.sty
Package: bitset 2019/12/09 v1.3 Handle bit-vector datatype (HO)
 (C:\Users\Noedson\AppData\Local\Programs\MiKTeX\tex/generic/bigintcalc\bigintcalc.sty
Package: bigintcalc 2019/12/15 v1.5 Expandable calculations on big integers (HO)
))
\Fld@menulength=\count436
\Field@Width=\dimen187
\Fld@charsize=\dimen188
Package hyperref Info: Hyper figures OFF on input line 6091.
Package hyperref Info: Link nesting OFF on input line 6096.
Package hyperref Info: Hyper index ON on input line 6099.
Package hyperref Info: backreferencing OFF on input line 6106.
Package hyperref Info: Link coloring OFF on input line 6111.
Package hyperref Info: Link coloring with OCG OFF on input line 6116.
Package hyperref Info: PDF/A mode OFF on input line 6121.
\Hy@abspage=\count437
\c@Item=\count438
\c@Hfootnote=\count439
)
Package hyperref Info: Driver (autodetected): hpdftex.
 (C:\Users\Noedson\AppData\Local\Programs\MiKTeX\tex/latex/hyperref\hpdftex.def
File: hpdftex.def 2026-06-17 v7.01r Hyperref driver for pdfTeX
\Fld@listcount=\count440
\c@bookmark@seq@number=\count441
 (C:\Users\Noedson\AppData\Local\Programs\MiKTeX\tex/latex/rerunfilecheck\rerunfilecheck.sty
Package: rerunfilecheck 2025-06-21 v1.11 Rerun checks for auxiliary files (HO)
 (C:\Users\Noedson\AppData\Local\Programs\MiKTeX\tex/generic/uniquecounter\uniquecounter.sty
Package: uniquecounter 2019/12/15 v1.4 Provide unlimited unique counter (HO)
)
Package uniquecounter Info: New unique counter `rerunfilecheck' on input line 284.
)
\Hy@SectionHShift=\skip82
)
\c@artigoIncluido=\count442
\c@artigoExcluido=\count443
\c@artigoAvaliado=\count444


Package biblatex Warning: 'babel/polyglossia' detected but 'csquotes' missing.
(biblatex)                Loading 'csquotes' recommended.

\@quotelevel=\count445
\@quotereset=\count446
(Procotolo_deRevisao.aux
Package babel Info: 'brazil' activates 'portuges' shorthands.
(babel)             Reported on input line 53.
)
\openout1 = `Procotolo_deRevisao.aux'.

LaTeX Font Info:    Checking defaults for OML/cmm/m/it on input line 246.
LaTeX Font Info:    ... okay on input line 246.
LaTeX Font Info:    Checking defaults for OMS/cmsy/m/n on input line 246.
LaTeX Font Info:    ... okay on input line 246.
LaTeX Font Info:    Checking defaults for OT1/cmr/m/n on input line 246.
LaTeX Font Info:    ... okay on input line 246.
LaTeX Font Info:    Checking defaults for T1/cmr/m/n on input line 246.
LaTeX Font Info:    ... okay on input line 246.
LaTeX Font Info:    Checking defaults for TS1/cmr/m/n on input line 246.
LaTeX Font Info:    ... okay on input line 246.
LaTeX Font Info:    Checking defaults for OMX/cmex/m/n on input line 246.
LaTeX Font Info:    ... okay on input line 246.
LaTeX Font Info:    Checking defaults for U/cmr/m/n on input line 246.
LaTeX Font Info:    ... okay on input line 246.
LaTeX Font Info:    Checking defaults for PD1/pdf/m/n on input line 246.
LaTeX Font Info:    ... okay on input line 246.
LaTeX Font Info:    Checking defaults for PU/pdf/m/n on input line 246.
LaTeX Font Info:    ... okay on input line 246.

*geometry* driver: auto-detecting
*geometry* detected driver: pdftex
*geometry* verbose mode - [ preamble ] result:
* driver: pdftex
* paper: a4paper
* layout: <same size as paper>
* layoutoffset:(h,v)=(0.0pt,0.0pt)
* modes: 
* h-part:(L,W,R)=(71.13188pt, 455.24411pt, 71.13188pt)
* v-part:(T,H,B)=(71.13188pt, 702.78308pt, 71.13188pt)
* \paperwidth=597.50787pt
* \paperheight=845.04684pt
* \textwidth=455.24411pt
* \textheight=702.78308pt
* \oddsidemargin=-1.1381pt
* \evensidemargin=-1.1381pt
* \topmargin=-38.1381pt
* \headheight=12.0pt
* \headsep=25.0pt
* \topskip=12.0pt
* \footskip=30.0pt
* \marginparwidth=35.0pt
* \marginparsep=10.0pt
* \columnsep=10.0pt
* \skip\footins=10.8pt plus 4.0pt minus 2.0pt
* \hoffset=0.0pt
* \voffset=0.0pt
* \mag=1000
* \@twocolumnfalse
* \@twosidefalse
* \@mparswitchfalse
* \@reversemarginfalse
* (1in=72.27pt=25.4mm, 1cm=28.453pt)

(C:\Users\Noedson\AppData\Local\Programs\MiKTeX\tex/context/base/mkii\supp-pdf.mkii
[Loading MPS to PDF converter (version 2006.09.02).]
\scratchcounter=\count447
\scratchdimen=\dimen189
\scratchbox=\box63
\nofMPsegments=\count448
\nofMParguments=\count449
\everyMPshowfont=\toks27
\MPscratchCnt=\count450
\MPscratchDim=\dimen190
\MPnumerator=\count451
\makeMPintoPDFobject=\count452
\everyMPtoPDFconversion=\toks28
) (C:\Users\Noedson\AppData\Local\Programs\MiKTeX\tex/latex/epstopdf-pkg\epstopdf-base.sty
Package: epstopdf-base 2020-01-24 v2.11 Base part for package epstopdf
Package epstopdf-base Info: Redefining graphics rule for `.eps' on input line 485.
 (C:\Users\Noedson\AppData\Local\Programs\MiKTeX\tex/latex/00miktex\epstopdf-sys.cfg
File: epstopdf-sys.cfg 2021/03/18 v2.0 Configuration of epstopdf for MiKTeX
))
Package biblatex Info: Trying to load language 'brazil' -> 'brazil-abnt'...
Package biblatex Info: ... file 'brazil-abnt.lbx' found.
 (C:\Users\Noedson\AppData\Local\Programs\MiKTeX\tex/latex/biblatex-abnt/lbx\brazil-abnt.lbx
File: brazil-abnt.lbx 2018-11-17 v3.4 ABNT BibLaTeX citation style
Package biblatex Info: Trying to load language 'brazilian-abnt'...
Package biblatex Info: ... file 'brazilian-abnt.lbx' found.
 (C:\Users\Noedson\AppData\Local\Programs\MiKTeX\tex/latex/biblatex-abnt/lbx\brazilian-abnt.lbx
File: brazilian-abnt.lbx 2018-11-17 v3.4 ABNT BibLaTeX citation style
Package biblatex Info: Trying to load language 'brazilian' -> 'brazilian-abnt'...
Package biblatex Info: ... file 'brazilian-abnt.lbx' found.
 (C:\Users\Noedson\AppData\Local\Programs\MiKTeX\tex/latex/biblatex-abnt/lbx\brazilian-abnt.lbx
File: brazilian-abnt.lbx 2018-11-17 v3.4 ABNT BibLaTeX citation style
Package biblatex Info: Trying to load language 'brazilian'...
Package biblatex Info: ... file 'brazilian.lbx' found.
 (C:\Users\Noedson\AppData\Local\Programs\MiKTeX\tex/latex/biblatex/lbx\brazilian.lbx
File: brazilian.lbx 2025/07/10 v3.21 biblatex localization (PK/MW)
)))
Package biblatex Info: Trying to load language 'brazilian-abnt'...
Package biblatex Info: ... file 'brazilian-abnt.lbx' found.
 (C:\Users\Noedson\AppData\Local\Programs\MiKTeX\tex/latex/biblatex-abnt/lbx\brazilian-abnt.lbx
File: brazilian-abnt.lbx 2018-11-17 v3.4 ABNT BibLaTeX citation style
Package biblatex Info: Trying to load language 'brazilian' -> 'brazilian-abnt'...
Package biblatex Info: ... file 'brazilian-abnt.lbx' found.
 (C:\Users\Noedson\AppData\Local\Programs\MiKTeX\tex/latex/biblatex-abnt/lbx\brazilian-abnt.lbx
File: brazilian-abnt.lbx 2018-11-17 v3.4 ABNT BibLaTeX citation style
Package biblatex Info: Trying to load language 'brazilian'...
Package biblatex Info: ... file 'brazilian.lbx' found.
 (C:\Users\Noedson\AppData\Local\Programs\MiKTeX\tex/latex/biblatex/lbx\brazilian.lbx
File: brazilian.lbx 2025/07/10 v3.21 biblatex localization (PK/MW)
)
Package biblatex Info: Trying to load language 'brazil'...
Package biblatex Info: ... file 'brazil.lbx' found.
 (C:\Users\Noedson\AppData\Local\Programs\MiKTeX\tex/latex/biblatex/lbx\brazil.lbx
File: brazil.lbx 2025/07/10 v3.21 biblatex localization (PK/MW)
Package biblatex Info: Trying to load language 'brazilian'...
Package biblatex Info: ... file 'brazilian.lbx' found.
 (C:\Users\Noedson\AppData\Local\Programs\MiKTeX\tex/latex/biblatex/lbx\brazilian.lbx
File: brazilian.lbx 2025/07/10 v3.21 biblatex localization (PK/MW)
)))
Package biblatex Info: Trying to load language 'brazil'...
Package biblatex Info: ... file 'brazil.lbx' found.
 (C:\Users\Noedson\AppData\Local\Programs\MiKTeX\tex/latex/biblatex/lbx\brazil.lbx
File: brazil.lbx 2025/07/10 v3.21 biblatex localization (PK/MW)
Package biblatex Info: Trying to load language 'brazilian' -> 'brazilian-abnt'...
Package biblatex Info: ... file 'brazilian-abnt.lbx' found.
 (C:\Users\Noedson\AppData\Local\Programs\MiKTeX\tex/latex/biblatex-abnt/lbx\brazilian-abnt.lbx
File: brazilian-abnt.lbx 2018-11-17 v3.4 ABNT BibLaTeX citation style
Package biblatex Info: Trying to load language 'brazilian'...
Package biblatex Info: ... file 'brazilian.lbx' found.
 (C:\Users\Noedson\AppData\Local\Programs\MiKTeX\tex/latex/biblatex/lbx\brazilian.lbx
File: brazilian.lbx 2025/07/10 v3.21 biblatex localization (PK/MW)
)
Package biblatex Info: Trying to load language 'brazil'...
Package biblatex Info: ... file 'brazil.lbx' found.
 (C:\Users\Noedson\AppData\Local\Programs\MiKTeX\tex/latex/biblatex/lbx\brazil.lbx
File: brazil.lbx 2025/07/10 v3.21 biblatex localization (PK/MW)
Package biblatex Info: Trying to load language 'brazilian'...
Package biblatex Info: ... file 'brazilian.lbx' found.
 (C:\Users\Noedson\AppData\Local\Programs\MiKTeX\tex/latex/biblatex/lbx\brazilian.lbx
File: brazilian.lbx 2025/07/10 v3.21 biblatex localization (PK/MW)
))))))
Package biblatex Info: Input encoding 'utf8' detected.
Package biblatex Info: Automatic encoding selection.
(biblatex)             Assuming data encoding 'utf8'.
\openout3 = `Procotolo_deRevisao.bcf'.

Package biblatex Info: Trying to load bibliographic data...
Package biblatex Info: ... file 'Procotolo_deRevisao.bbl' found.
 (Procotolo_deRevisao.bbl)
Package biblatex Info: Reference section=0 on input line 246.
Package biblatex Info: Reference segment=0 on input line 246.
Package hyperref Info: Link coloring OFF on input line 246.
 (Procotolo_deRevisao.out) (Procotolo_deRevisao.out)
\@outlinefile=\write4
\openout4 = `Procotolo_deRevisao.out'.

Package babel Info: Main language set to 'brazil'.
 [1

{C:/Users/Noedson/AppData/Local/MiKTeX/fonts/map/pdftex/pdftex.map}]
LaTeX Font Info:    External font `cmex10' loaded for size
(Font)              <12> on input line 303.
LaTeX Font Info:    External font `cmex10' loaded for size
(Font)              <8> on input line 303.
LaTeX Font Info:    External font `cmex10' loaded for size
(Font)              <6> on input line 303.

Underfull \hbox (badness 10000) in paragraph at lines 305--306
[]|\T1/cmr/bx/n/12 Palavra-chave em
 []


Underfull \hbox (badness 10000) in paragraph at lines 307--308
[]|\T1/cmr/bx/n/12 Palavra-chave em
 []


Underfull \hbox (badness 1205) in paragraph at lines 308--309
[]|\T1/cmr/bx/n/12 Sinonimos em In-
 []


Underfull \hbox (badness 1852) in paragraph at lines 313--314
[]|\T1/cmr/m/n/12 Ambient air qua-lity,
 []


Underfull \hbox (badness 10000) in paragraph at lines 313--314
\T1/cmr/m/n/12 Air Pol-lu-tion, At-
 []


Underfull \hbox (badness 10000) in paragraph at lines 316--317
[]|\T1/cmr/m/n/12 Campus in-te-li-gente,
 []


Underfull \hbox (badness 10000) in paragraph at lines 318--319
[]|\T1/cmr/m/n/12 Intelligent cam-pus,
 []


Underfull \hbox (badness 10000) in paragraph at lines 318--319
\T1/cmr/m/n/12 Con-nec-ted cam-pus,
 []


Underfull \hbox (badness 2735) in paragraph at lines 321--322
[]|\T1/cmr/m/n/12 Internet das Coi-sas,
 []


Underfull \hbox (badness 2556) in paragraph at lines 321--322
\T1/cmr/m/n/12 Dis-po-si-ti-vos co-nec-ta-
 []


Underfull \hbox (badness 7925) in paragraph at lines 323--324
[]|\T1/cmr/m/n/12 Internet of Things,
 []


Underfull \hbox (badness 1655) in paragraph at lines 323--324
\T1/cmr/m/n/12 IoT Sys-tems, Smart
 []


Underfull \hbox (badness 10000) in paragraph at lines 326--327
[]|\T1/cmr/m/n/12 Rede LPWAN de
 []


Underfull \hbox (badness 4060) in paragraph at lines 326--327
\T1/cmr/m/n/12 es-tru-tura Lo-RaWAN
 []


Underfull \hbox (badness 5533) in paragraph at lines 328--329
[]|\T1/cmr/m/n/12 LoRaWAN Network,
 []


Underfull \hbox (badness 10000) in paragraph at lines 333--334
[]|\T1/cmr/m/n/12 FIWARE Plat-form,
 []


Underfull \hbox (badness 10000) in paragraph at lines 336--337
[]|\T1/cmr/m/n/12 Predição de curto
 []


Underfull \hbox (badness 4144) in paragraph at lines 337--338
[]|\T1/cmr/m/n/12 Short-term pol-lu-tant
 []


Overfull \hbox (49.99994pt too wide) in paragraph at lines 303--341
 [][] 
 []


Overfull \hbox (13.94131pt too wide) in paragraph at lines 363--363
[]\T1/cmtt/m/n/12 - (("qualidade do ar" OR "poluição do ar" OR "qualidade do ar interior") AND[] 
 []

[2]
Overfull \hbox (4.04782pt too wide) in paragraph at lines 406--413
\T1/cmr/m/n/12 mo-ra-mento do IQAr-Mobi, pri-o-ri-zando ar-qui-te-tu-ras IoT mo-du-la-res (Lo-RaWAN/FIWARE),
 []

[3] [4]
Overfull \vbox (7.78136pt too high) has occurred while \output is active []

 [5]
Underfull \hbox (badness 1028) in paragraph at lines 522--522
[]|\T1/cmr/m/n/10.95 Bruna M. O. Silva,
 []


Underfull \hbox (badness 6893) in paragraph at lines 522--522
\T1/cmr/m/n/10.95 Re-nato F. Bulcão-
 []


Underfull \hbox (badness 6526) in paragraph at lines 522--522
[]|\T1/cmr/m/n/10.95 Anushree A. Aser-
 []


Underfull \hbox (badness 10000) in paragraph at lines 522--522
\T1/cmr/m/n/10.95 Go-dla and You-sef
 []


Underfull \hbox (badness 10000) in paragraph at lines 522--522
\T1/cmr/m/n/10.95 A.Baker El-Ebiary
 []


Underfull \hbox (badness 1931) in paragraph at lines 522--522
\T1/cmr/m/n/10.95 and Janjhyam Ven-
 []


Underfull \hbox (badness 10000) in paragraph at lines 522--522
[]|\T1/cmr/m/n/10.95 International
 []


Underfull \hbox (badness 10000) in paragraph at lines 522--522
\T1/cmr/m/n/10.95 Jour-nal of
 []


Underfull \hbox (badness 10000) in paragraph at lines 522--522
\T1/cmr/m/n/10.95 pu-ter Sci-ence
 []


Underfull \hbox (badness 10000) in paragraph at lines 522--522
\T1/cmr/m/n/10.95 and Ap-pli-ca-ti-
 []


Underfull \hbox (badness 6078) in paragraph at lines 522--522
[]|\T1/cmr/m/n/10.95 Pablo Leon Ro-dri-
 []


Underfull \hbox (badness 5064) in paragraph at lines 522--522
[]|\T1/cmr/m/n/10.95 Repositório Di-
 []


Underfull \hbox (badness 10000) in paragraph at lines 522--522
[]|\T1/cmr/m/n/10.95 Ana Ca-ro-lina Ca-
 []


Underfull \hbox (badness 10000) in paragraph at lines 522--522
\T1/cmr/m/n/10.95 Fe-lipe Hashi-moto
 []


Underfull \hbox (badness 1688) in paragraph at lines 522--522
\T1/cmr/m/n/10.95 Fa-ria and Iara Ne-
 []


Underfull \hbox (badness 1264) in paragraph at lines 522--522
\T1/cmr/m/n/10.95 grei-ros and Lu-ci-ana
 []


Underfull \hbox (badness 10000) in paragraph at lines 522--522
\T1/cmr/m/n/10.95 Ro-gos-chewski and
 []


Underfull \hbox (badness 5696) in paragraph at lines 522--522
\T1/cmr/m/n/10.95 Re-gi-ane Relva Ro-
 []


Underfull \hbox (badness 4660) in paragraph at lines 522--522
\T1/cmr/m/n/10.95 mano and Ro-berto
 []


Underfull \hbox (badness 10000) in paragraph at lines 524--533

 []


Overfull \hbox (4.64769pt too wide) in paragraph at lines 599--599
 []|\T1/cmr/m/n/12 100%| 
 []

[6] [7] [8] [9] [10] [11] [12] [13]
Overfull \hbox (43.88435pt too wide) in paragraph at lines 796--796
\T1/cmr/m/n/12 PPD42NS para M[] , sen-so-res MQ para ga-ses, sen-sor BME680 para tem-pe-ra-tura/umidade/pressão,
 []

[14] [15] [16] [17] [18]
Overfull \hbox (6.74574pt too wide) in paragraph at lines 899--899
\T1/cmr/bx/n/12 Ameaças à va-li-dade: \T1/cmr/m/n/12 In-terna: banco de da-dos ori-gi-nal des-ba-lan-ce-ado (classe "bom"muito
 []

[19]
Overfull \hbox (3.37505pt too wide) in paragraph at lines 899--899
\T1/cmr/m/n/12 and pre-dict in-door air qua-lity. \T1/cmr/bx/n/12 In-tel-li-gent Sys-tems with Ap-pli-ca-ti-ons\T1/cmr/m/n/12 , v. 16, p. 200132,
 []

[20] [21] [22] [23]
Overfull \hbox (1.50095pt too wide) in paragraph at lines 956--956
[]|\T1/cmr/bx/n/10.95 Poluentes| 
 []


Underfull \hbox (badness 10000) in paragraph at lines 956--956
[]|\T1/cmr/m/n/10.95 FreeRTOS
 []


Underfull \hbox (badness 10000) in paragraph at lines 956--956
\T1/cmr/m/n/10.95 em Smart
 []


Underfull \hbox (badness 10000) in paragraph at lines 956--956
\T1/cmr/m/n/10.95 Cam-pus
 []


Underfull \hbox (badness 10000) in paragraph at lines 956--956
[]|\T1/cmr/m/n/10.95 ESP32-
 []


Underfull \hbox (badness 10000) in paragraph at lines 956--956
\T1/cmr/m/n/10.95 LoRa,
 []


Underfull \hbox (badness 10000) in paragraph at lines 956--956
\T1/cmr/m/n/10.95 Fre-eR-TOS,
 []


Overfull \hbox (15.41902pt too wide) in paragraph at lines 956--956
\T1/cmr/m/n/10.95 MQ131/MQ135,
 []


Underfull \hbox (badness 1173) in paragraph at lines 956--956
[]|\T1/cmr/m/n/10.95 CO, CO[] ,
 []


Underfull \hbox (badness 3260) in paragraph at lines 956--956
\T1/cmr/m/n/10.95 O[] , NH[] ,
 []


Underfull \hbox (badness 10000) in paragraph at lines 956--956
[]|\T1/cmr/m/n/10.95 Throughput
 []


Underfull \hbox (badness 10000) in paragraph at lines 956--956
\T1/cmr/m/n/10.95 TX/RX, in-
 []


Underfull \hbox (badness 10000) in paragraph at lines 956--956
\T1/cmr/m/n/10.95 ter-valo de
 []


Underfull \hbox (badness 10000) in paragraph at lines 956--956
\T1/cmr/m/n/10.95 trans-mis-são,
 []


Underfull \hbox (badness 10000) in paragraph at lines 956--956
\T1/cmr/m/n/10.95 taxa de su-
 []


Underfull \hbox (badness 10000) in paragraph at lines 956--956
[]|\T1/cmr/m/n/10.95 Com RTOS: TX=178,23;
 []


Underfull \hbox (badness 2073) in paragraph at lines 956--956
\T1/cmr/m/n/10.95 RX=164,18; in-ter-valo=5,03s;
 []


Underfull \hbox (badness 2142) in paragraph at lines 956--956
\T1/cmr/m/n/10.95 TX=110,97; RX=99,41; in-
 []


Underfull \hbox (badness 7273) in paragraph at lines 956--956
\T1/cmr/m/n/10.95 ter-valo 8s; su-cesso=83,3%.
 []


Overfull \hbox (9.74165pt too wide) in paragraph at lines 956--956
[]|\T1/cmr/m/n/10.95 RuraLTHINGS
 []


Underfull \hbox (badness 10000) in paragraph at lines 956--956
\T1/cmr/m/n/10.95 (La-deira,
 []


Underfull \hbox (badness 10000) in paragraph at lines 956--956
[]|\T1/cmr/m/n/10.95 ESP32-
 []


Underfull \hbox (badness 10000) in paragraph at lines 956--956
\T1/cmr/m/n/10.95 LoRa,
 []


Underfull \hbox (badness 10000) in paragraph at lines 956--956
\T1/cmr/m/n/10.95 FIWARE,
 []


Underfull \hbox (badness 10000) in paragraph at lines 956--956
\T1/cmr/m/n/10.95 LSTM/Bi-
 []


Underfull \hbox (badness 10000) in paragraph at lines 956--956
\T1/cmr/m/n/10.95 LSTM,
 []


Underfull \hbox (badness 10000) in paragraph at lines 956--956
\T1/cmr/m/n/10.95 ARIMA,
 []


Underfull \hbox (badness 10000) in paragraph at lines 956--956
[]|\T1/cmr/m/n/10.95 Radão,
 []


Underfull \hbox (badness 1173) in paragraph at lines 956--956
\T1/cmr/m/n/10.95 CO, CO[] ,
 []


Underfull \hbox (badness 10000) in paragraph at lines 956--956
\T1/cmr/m/n/10.95 tem-pe-
 []


Underfull \hbox (badness 10000) in paragraph at lines 956--956
\T1/cmr/m/n/10.95 ra-tura,
 []


Underfull \hbox (badness 10000) in paragraph at lines 956--956
[]|\T1/cmr/m/n/10.95 MSE, MAE,
 []


Underfull \hbox (badness 10000) in paragraph at lines 956--956
\T1/cmr/m/n/10.95 RMSE, R[] ,
 []


Underfull \hbox (badness 10000) in paragraph at lines 956--956
\T1/cmr/m/n/10.95 sMAPE,
 []


Underfull \hbox (badness 10000) in paragraph at lines 956--956
[]|\T1/cmr/m/n/10.95 Melhor mo-delo (Bi-
 []


Underfull \hbox (badness 10000) in paragraph at lines 956--956
\T1/cmr/m/n/10.95 LSTM+LSTM): R[] =0,95;
 []


Underfull \hbox (badness 10000) in paragraph at lines 956--956
\T1/cmr/m/n/10.95 fe-rên-cia mé-dia=49\TS1/cmr/m/n/10.95 µ\T1/cmr/m/n/10.95 s (no
 []


Underfull \hbox (badness 10000) in paragraph at lines 956--956
[]|\T1/cmr/m/n/10.95 Sensor
 []


Underfull \hbox (badness 10000) in paragraph at lines 956--956
\T1/cmr/m/n/10.95 PPD42NS
 []


Underfull \hbox (badness 10000) in paragraph at lines 956--956
\T1/cmr/m/n/10.95 (Vil-la-rim,
 []


Underfull \hbox (badness 10000) in paragraph at lines 956--956
[]|\T1/cmr/m/n/10.95 ESP32
 []


Underfull \hbox (badness 10000) in paragraph at lines 956--956
\T1/cmr/m/n/10.95 LoRa,
 []


Underfull \hbox (badness 10000) in paragraph at lines 956--956
\T1/cmr/m/n/10.95 PPD42NS,
 []


Underfull \hbox (badness 10000) in paragraph at lines 956--956
\T1/cmr/m/n/10.95 MQ, RNA,
 []


Underfull \hbox (badness 10000) in paragraph at lines 956--956
[]|\T1/cmr/m/n/10.95 MP[] ,
 []


Underfull \hbox (badness 1454) in paragraph at lines 956--956
\T1/cmr/m/n/10.95 CO, CH[] ,
 []


Underfull \hbox (badness 10000) in paragraph at lines 956--956
[]|\T1/cmr/m/n/10.95 Correlação
 []


Underfull \hbox (badness 10000) in paragraph at lines 956--956
\T1/cmr/m/n/10.95 li-near, PDR,
 []


Underfull \hbox (badness 10000) in paragraph at lines 956--956
[]|\T1/cmr/m/n/10.95 Calibração PPD42NS:
 []


Underfull \hbox (badness 10000) in paragraph at lines 956--956
\T1/cmr/m/n/10.95 R[] =0,967. RNA para
 []


Underfull \hbox (badness 4940) in paragraph at lines 956--956
\T1/cmr/m/n/10.95 ga-ses: acu-rá-cia=100% (ál-
 []


Underfull \hbox (badness 5711) in paragraph at lines 956--956
\T1/cmr/m/n/10.95 cool/água/ar). LoRa em
 []


Underfull \hbox (badness 10000) in paragraph at lines 956--956
[]|\T1/cmr/m/n/10.95 FIWARE
 []


Underfull \hbox (badness 10000) in paragraph at lines 956--956
\T1/cmr/m/n/10.95 no Cam-pus
 []


Underfull \hbox (badness 10000) in paragraph at lines 956--956
\T1/cmr/m/n/10.95 (Cu-nha et
 []


Underfull \hbox (badness 10000) in paragraph at lines 956--956
[]|\T1/cmr/m/n/10.95 ESP32-
 []


Underfull \hbox (badness 10000) in paragraph at lines 956--956
\T1/cmr/m/n/10.95 LoRa,
 []


Underfull \hbox (badness 10000) in paragraph at lines 956--956
\T1/cmr/m/n/10.95 FIWARE,
 []


Overfull \hbox (82.38976pt too wide) in paragraph at lines 956--956
\T1/cmr/m/n/10.95 MQ9/MQ131/MQ135/DHT11| 
 []


Underfull \hbox (badness 1173) in paragraph at lines 956--956
[]|\T1/cmr/m/n/10.95 CO, CO[] ,
 []


Underfull \hbox (badness 3679) in paragraph at lines 956--956
\T1/cmr/m/n/10.95 O[] , CH[] ,
 []


Underfull \hbox (badness 10000) in paragraph at lines 956--956
[]|\T1/cmr/m/n/10.95 Concentrações
 []


Underfull \hbox (badness 2980) in paragraph at lines 956--956
[]|\T1/cmr/m/n/10.95 CO: até 25 ppm (gal-pão).
 []


Underfull \hbox (badness 10000) in paragraph at lines 956--956
[]|\T1/cmr/m/n/10.95 IQArMobi
 []


Underfull \hbox (badness 10000) in paragraph at lines 956--956
\T1/cmr/m/n/10.95 (Thay-lor et
 []


Underfull \hbox (badness 10000) in paragraph at lines 956--956
[]|\T1/cmr/m/n/10.95 ESP32-
 []


Underfull \hbox (badness 10000) in paragraph at lines 956--956
\T1/cmr/m/n/10.95 LoRa,
 []


Underfull \hbox (badness 10000) in paragraph at lines 956--956
\T1/cmr/m/n/10.95 FIWARE,
 []


Underfull \hbox (badness 1173) in paragraph at lines 956--956
[]|\T1/cmr/m/n/10.95 CO, CO[] ,
 []


Underfull \hbox (badness 3679) in paragraph at lines 956--956
\T1/cmr/m/n/10.95 CH[] , O[] ,
 []


Underfull \hbox (badness 10000) in paragraph at lines 956--956
\T1/cmr/m/n/10.95 ci-são, re-call,
 []


Underfull \hbox (badness 2828) in paragraph at lines 956--956
[]|\T1/cmr/m/n/10.95 Logistic Re-gres-sion: acu-rá-
 []


Underfull \hbox (badness 10000) in paragraph at lines 956--956
[]|\T1/cmr/m/n/10.95 TinyML
 []


Underfull \hbox (badness 10000) in paragraph at lines 956--956
\T1/cmr/m/n/10.95 para cloro
 []


Underfull \hbox (badness 10000) in paragraph at lines 956--956
\T1/cmr/m/n/10.95 (Ro-dri-gues,
 []


Underfull \hbox (badness 10000) in paragraph at lines 956--956
[]|\T1/cmr/m/n/10.95 ESP32-S3,
 []


Underfull \hbox (badness 10000) in paragraph at lines 956--956
\T1/cmr/m/n/10.95 Ten-sor-Flow
 []


Underfull \hbox (badness 4765) in paragraph at lines 956--956
[]|\T1/cmr/m/n/10.95 MSE, RMSE,
 []


Underfull \hbox (badness 10000) in paragraph at lines 956--956
\T1/cmr/m/n/10.95 MAE, R[] ,
 []


Underfull \hbox (badness 7186) in paragraph at lines 956--956
\T1/cmr/m/n/10.95 cia, ta-ma-nho
 []


Underfull \hbox (badness 10000) in paragraph at lines 956--956
[]|\T1/cmr/m/n/10.95 Modelo fi-nal: MSE=3,96;
 []


Underfull \hbox (badness 10000) in paragraph at lines 956--956
\T1/cmr/m/n/10.95 MAE=1,14; R[] =0,95; in-
 []


Underfull \hbox (badness 10000) in paragraph at lines 956--956
\T1/cmr/m/n/10.95 fe-rên-cia=49\TS1/cmr/m/n/10.95 µ\T1/cmr/m/n/10.95 s; re-du-ção de
 []


Underfull \hbox (badness 3168) in paragraph at lines 956--956
\T1/cmr/m/n/10.95 ta-ma-nho=93,7% (26,5kB \TS1/cmr/m/n/10.95 ^^Y
 []

[24]
Overfull \hbox (1.77191pt too wide) in paragraph at lines 965--966
[]\T1/cmr/bx/n/12 Middleware para in-te-ro-pe-ra-bi-li-dade (FIWARE): \T1/cmr/m/n/12 des-ta-que nos tra-ba-lhos do grupo
 []

[25]
Underfull \hbox (badness 4467) in paragraph at lines 992--992
[]|\T1/cmr/m/n/10.95 TinyML (mo-de-los le-ves para em-bar-ca-dos); Quan-ti-za-ção pós-
 []

[26]
Underfull \hbox (badness 10000) in paragraph at lines 1034--1034
[]|\T1/cmr/m/n/10.95 Throughput
 []


Underfull \hbox (badness 3189) in paragraph at lines 1034--1034
[]|\T1/cmr/m/n/10.95 Intervalo de trans-
 []


Underfull \hbox (badness 10000) in paragraph at lines 1034--1034
[]|\T1/cmr/m/n/10.95 Taxa de su-cesso
 []


Underfull \hbox (badness 10000) in paragraph at lines 1034--1034
[]|\T1/cmr/m/n/10.95 Erro mé-dio
 []

[27]
Underfull \hbox (badness 10000) in paragraph at lines 1098--1098
[]|\T1/cmr/m/n/10.95 Escalabilidade da
 []


Underfull \hbox (badness 1033) in paragraph at lines 1098--1098
[]|\T1/cmr/m/n/10.95 Consumo ener-gé-tico
 []


Underfull \hbox (badness 6047) in paragraph at lines 1098--1098
[]|\T1/cmr/m/n/10.95 Explicabilidade dos
 []


Underfull \hbox (badness 10000) in paragraph at lines 1098--1098
[]|\T1/cmr/m/n/10.95 Comparação en-tre
 []


Underfull \hbox (badness 10000) in paragraph at lines 1098--1098
[]|\T1/cmr/m/n/10.95 Monitoramento de
 []


Underfull \hbox (badness 6284) in paragraph at lines 1098--1098
\T1/cmr/m/n/10.95 múl-ti-plos po-lu-en-tes
 []


Underfull \hbox (badness 10000) in paragraph at lines 1098--1098
[]|\T1/cmr/m/n/10.95 Disponibilidade de
 []

[28] [29] [30] [31] [32] [33] [34] (Procotolo_deRevisao.aux)
 ***********
LaTeX2e <2026-06-01>
L3 programming layer <2020/03/25>
 ***********
Package rerunfilecheck Info: File `Procotolo_deRevisao.out' has not changed.
(rerunfilecheck)             Checksum: D41D8CD98F00B204E9800998ECF8427E;0.
Package logreq Info: Writing requests to 'Procotolo_deRevisao.run.xml'.
\openout1 = `Procotolo_deRevisao.run.xml'.

 ) 
Here is how much of TeX's memory you used:
 19512 strings out of 467509
 355912 string characters out of 5407801
 1276974 words of memory out of 5000000
 48400 multiletter control sequences out of 15000+600000
 641019 words of font info for 68 fonts, out of 8000000 for 9000
 1141 hyphenation exceptions out of 8191
 78i,11n,86p,2010b,4312s stack positions out of 10000i,1000n,20000p,200000b,200000s
 <C:\Users\Noedson\AppData\Local\MiKTeX\fonts/pk/ljfour/jknappen/ec/dpi600\tcrm1095.pk> <C:\Users\Noedson\AppData\Local\MiKTeX\fonts/pk/ljfour/jknappen/ec/dpi600\ecrm0800.pk> <C:\Users\Noedson\AppData\Local\MiKTeX\fonts/pk/ljfour/jknappen/ec/dpi600\tcbx1440.pk> <C:\Users\Noedson\AppData\Local\MiKTeX\fonts/pk/ljfour/jknappen/ec/dpi600\tcbx1200.pk> <C:\Users\Noedson\AppData\Local\MiKTeX\fonts/pk/ljfour/jknappen/ec/dpi600\ecrm1095.pk> <C:\Users\Noedson\AppData\Local\MiKTeX\fonts/pk/ljfour/jknappen/ec/dpi600\tcbx1095.pk> <C:\Users\Noedson\AppData\Local\MiKTeX\fonts/pk/ljfour/jknappen/ec/dpi600\ecbx1095.pk> <C:\Users\Noedson\AppData\Local\MiKTeX\fonts/pk/ljfour/jknappen/ec/dpi600\ecbx1440.pk> <C:\Users\Noedson\AppData\Local\MiKTeX\fonts/pk/ljfour/jknappen/ec/dpi600\ectt1200.pk> <C:\Users\Noedson\AppData\Local\MiKTeX\fonts/pk/ljfour/jknappen/ec/dpi600\tcrm1200.pk> <C:\Users\Noedson\AppData\Local\MiKTeX\fonts/pk/ljfour/jknappen/ec/dpi600\ecti1200.pk> <C:\Users\Noedson\AppData\Local\MiKTeX\fonts/pk/ljfour/jknappen/ec/dpi600\ecrm1200.pk> <C:\Users\Noedson\AppData\Local\MiKTeX\fonts/pk/ljfour/jknappen/ec/dpi600\ecbx1200.pk> <C:\Users\Noedson\AppData\Local\MiKTeX\fonts/pk/ljfour/jknappen/ec/dpi600\ecbx1728.pk><C:/Users/Noedson/AppData/Local/Programs/MiKTeX/fonts/type1/public/amsfonts/cm/cmmi12.pfb><C:/Users/Noedson/AppData/Local/Programs/MiKTeX/fonts/type1/public/amsfonts/cm/cmsy10.pfb>
Output written on Procotolo_deRevisao.pdf (34 pages, 324730 bytes).
PDF statistics:
 903 PDF objects out of 1000 (max. 8388607)
 117 named destinations out of 1000 (max. 500000)
 1 words of extra memory for PDF output out of 10000 (max. 10000000)

